// Vitest Snapshot v1, https://vitest.dev/guide/snapshot.html

exports[`ShareDirectoryDialog > should create new 1`] = `
{
  "data": {
    "incoming": false,
    "path": "/home/airdcpp/Downloads/",
    "profiles": [
      28550432,
      265571564,
    ],
    "virtual_name": "Downloads",
  },
  "method": "POST",
  "path": "share_roots",
}
`;

exports[`ShareDirectoryDialog > should update existing 1`] = `
{
  "data": {
    "profiles": [
      265571564,
    ],
    "virtual_name": "Updated name",
  },
  "method": "PATCH",
  "path": "share_roots/YDCXPCVSPNBXH2WFTKTBZIFZBYNWRWRT2OJ5F6Y",
}
`;
